<?xml version="1.0" encoding="GBK"?>
<mapfile tilewidth="16" tileheight="8" blurtilewidth="16" blurtileheight="16">
    <map width="480" height="480">
        <layer type="blur" name="背景层" seed="-878993829" baselandform="0">
            <line>-1 -1 -1 -1 -1 -1 -1 -1 -1 -1 -1 -1 -1 -1 -1 -1 -1 -1 -1 -1 -1 -1 -1 -1 -1 -1 -1 -1 -1 -1</line>
            <line>-1 -1 -1 -1 -1 -1 -1 -1 -1 -1 -1 -1 -1 -1 -1 -1 -1 -1 -1 -1 -1 -1 -1 -1 -1 -1 -1 -1 -1 -1</line>
            <line>-1 -1 -1 -1 -1 -1 -1 -1 -1 -1 -1 -1 -1 -1 -1 -1 -1 -1 -1 -1 -1 -1 -1 -1 -1 -1 -1 -1 -1 -1</line>
            <line>-1 -1 -1 -1 -1 -1 -1 -1 -1 -1 -1 -1 -1 -1 -1 -1 -1 -1 -1 -1 -1 -1 -1 -1 -1 -1 -1 -1 -1 -1</line>
            <line>-1 -1 -1 -1 -1 -1 -1 -1 -1 1 1 1 1 1 1 1 1 1 1 1 1 1 1 1 -1 -1 -1 -1 -1 -1</line>
            <line>-1 -1 -1 -1 -1 -1 -1 1 1 1 1 1 1 1 1 1 1 1 1 1 1 1 1 1 1 -1 -1 -1 -1 -1</line>
            <line>-1 -1 -1 -1 -1 -1 1 1 1 1 1 1 1 1 1 1 1 2 1 1 1 1 1 1 1 1 1 1 -1 -1</line>
            <line>-1 -1 -1 -1 1 1 1 1 1 1 1 1 1 1 1 1 1 2 2 2 2 1 1 1 1 1 1 1 -1 -1</line>
            <line>-1 -1 -1 -1 1 1 1 1 1 1 1 1 1 1 1 1 1 1 1 1 2 2 1 1 1 1 1 1 -1 -1</line>
            <line>-1 -1 -1 -1 1 1 1 1 1 2 1 1 1 1 1 1 1 1 1 1 1 2 1 1 1 2 1 1 -1 -1</line>
            <line>-1 -1 -1 -1 1 1 1 1 1 2 1 1 1 1 1 1 1 1 1 1 1 2 2 1 1 2 1 1 -1 -1</line>
            <line>-1 -1 -1 -1 1 1 1 1 1 1 2 1 1 1 1 1 1 1 1 1 1 1 2 1 2 1 1 1 -1 -1</line>
            <line>-1 -1 -1 -1 1 1 1 1 1 1 1 2 1 1 1 1 1 1 1 1 1 1 2 1 2 1 1 1 -1 -1</line>
            <line>-1 -1 -1 -1 1 1 1 1 1 1 1 1 2 1 1 1 1 1 1 1 1 1 1 1 2 1 1 1 -1 -1</line>
            <line>-1 -1 -1 -1 1 1 1 1 1 1 1 2 2 2 1 1 1 1 1 1 1 1 1 2 2 1 1 1 -1 -1</line>
            <line>-1 -1 -1 -1 -1 -1 1 1 1 2 2 2 2 2 2 1 1 1 1 1 1 1 1 2 1 1 1 1 -1 -1</line>
            <line>-1 -1 -1 -1 -1 1 1 1 1 2 2 2 2 1 2 2 1 1 1 1 1 1 2 1 1 1 1 -1 -1 -1</line>
            <line>-1 -1 -1 -1 -1 1 1 1 1 2 2 1 2 1 2 2 1 1 1 1 1 2 2 1 1 1 1 -1 -1 -1</line>
            <line>-1 -1 -1 -1 -1 1 1 1 1 2 2 2 2 1 2 2 1 1 1 1 2 2 1 1 1 1 1 -1 -1 -1</line>
            <line>-1 -1 -1 -1 -1 1 1 1 1 2 1 2 2 1 2 2 2 2 2 2 2 1 1 1 1 1 1 -1 -1 -1</line>
            <line>-1 -1 -1 -1 -1 1 1 1 1 1 2 2 2 2 2 1 1 1 1 1 1 1 1 1 1 1 -1 -1 -1 -1</line>
            <line>-1 -1 -1 -1 -1 1 1 1 1 1 1 1 1 1 1 1 1 1 1 1 1 1 1 1 1 1 -1 -1 -1 -1</line>
            <line>-1 -1 -1 -1 -1 1 1 1 1 1 1 1 1 1 1 1 1 1 1 1 1 1 1 1 1 1 -1 -1 -1 -1</line>
            <line>-1 -1 -1 -1 -1 1 1 1 1 1 1 1 1 1 1 1 1 1 1 1 1 1 1 1 1 1 -1 -1 -1 -1</line>
            <line>-1 -1 -1 -1 -1 -1 1 1 1 1 1 1 1 1 1 1 1 1 1 1 1 1 1 1 1 1 -1 -1 -1 -1</line>
            <line>-1 -1 -1 -1 -1 -1 -1 -1 1 1 1 1 1 1 1 1 1 1 1 1 1 1 1 1 1 1 -1 -1 -1 -1</line>
            <line>-1 -1 -1 -1 -1 -1 -1 -1 -1 -1 -1 -1 -1 1 1 1 1 1 1 1 1 1 1 1 1 -1 -1 -1 -1 -1</line>
            <line>-1 -1 -1 -1 -1 -1 -1 -1 -1 -1 -1 -1 -1 -1 -1 -1 -1 -1 -1 -1 -1 -1 -1 -1 -1 -1 -1 -1 -1 -1</line>
            <line>-1 -1 -1 -1 -1 -1 -1 -1 -1 -1 -1 -1 -1 -1 -1 -1 -1 -1 -1 -1 -1 -1 -1 -1 -1 -1 -1 -1 -1 -1</line>
            <line>-1 -1 -1 -1 -1 -1 -1 -1 -1 -1 -1 -1 -1 -1 -1 -1 -1 -1 -1 -1 -1 -1 -1 -1 -1 -1 -1 -1 -1 -1</line>
        </layer>
        <layer type="npc" name="地面层" />
        <layer type="npc" isground="true" name="人物层" />
        <layer type="npc" name="天空层" />
    </map>
    <landform>
        <imagedata>UElQAQAAAEFQTFRFABNALABHqjMAna5NAC709QCSazYAmORlAFu0PwBaxE0ANn83ANfiWgBkvEcA
Xn44ANqsEwDNaFMAnfv7AI+4RQC2hFoAdNBYAGFUPABv9/gA8fPWABOlnwC30VUA55tzAC1nOQDy
wI8AP5Q5AMLdmgC8uYUASauLAGadTwAxwcL/LvT1/537+//x89b/b/f4/81oU/8xwcL/E6Wf/z+U
Of9mnU//SauL/1u0P/9kvEf/LWc5/zZ/N/9axE3/dNBY/0eqM/+PuEX/t9FV/9fiWv+Y5GX/vLmF
/52uTf9efjj/kms2/xNALP+2hFr/YVQ8//LAj//C3Zr/55tz/9qsE/////8CAAAAfkRBVEEAAAAQ
ABAAH4sIAAAAAAAAAD2PQQ5EIQxCj/MTSCz3P90AbcZFVfqgCr0nEBJAL1dB2WE5G60w5xDmrBm2
tnjuTJ0CLJDOtD8Wey9/zkg1bmk2d7CrGX15QnDxS+ZNlP4ja/F5iBtbc7GE3Hf6njXygmbbjnnS
D4S9ms8AAQAAAAAAg0RBVEEAAQAQABAAH4sIAAAAAAAAAD1PgQ0EMQga5xJIKiO4/1QPtPmmqQqI
FjpHICSAPn4FJcJwAo0weRTWGbPY2JWnZt6pgBWEmfJjsHX1r3Oxve12xpTYDDathb6swJXdvni+
idJ/ZFaKwXTHMG2uLCbvO93nNvIZzaVtc6Qfe+Uf4wABAAAAAABkAAAACg==
</imagedata>
        <tile frame="0" transit="0" thumbcolor="0" passable="true" />
        <tile frame="1" transit="0" thumbcolor="0" passable="true" />
    </landform>
    <landform>
        <imagedata>UElQAQAAAB9QTFRF/3Jub/+AeXr/c25u/2hgYf9lXV7/b2Rl/2dgYf+Ni43/cmts/3dyc/+Wk5b/
fXV1/25pav+Hqzj/eG5u/2tkZf9iUE3/aGBg/5eUl/9jWVn/XExL/1pTU/9GNjP/VFBR/z83Mv9u
XFn/Y09N/1hEQgD/////ZmZm/5mZmQYAAAB6REFUQQAAABAAEAAfiwgAAAAAAAAARU+BDQQhDNqC
BNh/zwd65qtRREpbA06oW8ySF8yzm3srGCanEewnYkizuREVFb+Dc2PTP8sQ+3v5deThuq6YcIwa
lay9XSkB8d9g/YzrEFMXdyI0Hb6GzVDwDddBKgkXoB+Q83jtAAEAAAAAAI9EQVRBAAEAEAAQAB+L
CAAAAAAAAAAtjUEOw0AIA1M1Ug7tLWkAe///ztqQFSuBbYa11vk5tnxnVpFcv9jjtSVIC1jfI6+M
SPgVco+4SlZVK8jQpq2CARLcoTohAMbrLyh6sSYuYTwX0Xn7t4o358Rg2KpMy62zOkCHBaZmztFG
sicMpJ7ZNN951oX9A6bdFYgAAQAAAAAAikRBVEEAAgAQABAAH4sIAAAAAAAAAHWNSw7DQAhDZ0Ej
pBFVVhW/+58zBpLsymLw+IHJ/FPMRPTqpGSFwbk3vrxUSIiU9hZeS1ROPfWQ74I4NCxQpuHayt3b
iPhoCysPzRs3HwuP+e1Z1ewZEEBZrW0S0HoFzGZ8Un5zLIo+IX5nAvSxSvO4AAHw6jUAAQAAAAAA
nURBVEEAAwAQABAAH4sIAAAAAAAAADWPSQ7EMAgEAQujRJEizWEwy//fOXgZbuW2q3Fmzdvhg6pf
j5iYz8sATYf74cRbqA7CFycXEoTxzgmxgeoYZjvPDtjUnNf963l7L+EYfz+QCM0Xxyf4ESQ9+SVV
N9GOD+8qUDf3xRcjN1Ut3Dn3olW/81RtzSLCtr/+J7Mt/OwDNUQljB84fyhlAAEAAAAAAJtEQVRB
AAQAEAAQAB+LCAAAAAAAAAAtT0sOBSEIC91NTNy8hSCU+x/zdRyNC2s/lGRGoo2sczbDHQRsHkyP
WES3PQdH+BLZly5G5OKe9dEzJCBYOHDwtwUHXogaYPp2e8NAo9N19UA9+hSVEh8vZKLvH8cJQilU
VeIb+9TcXBlxW0+5gSXBR1s3uN4ql4ZWcg/u25rW0OLMP93u2rcAAQAAAAAAd0RBVEEABQAQABAA
H4sIAAAAAAAAAK2NwQ6EIAxEC6QkK0bD7oEZ2v//TklEo/ed28u8dtz/mu2NpT5g9SL5priHiowL
P2EJ6LBbliIJ/XfZXgeSnLZvPTcjdc6O6ygNsx/PFkmNhM5aJEWA2k9fc/hGo6kdRf1v+QABAAAA
AABkAAEAZAACAGQAAwBkAAQAZAAFAGQ=
</imagedata>
        <tile frame="0" transit="0" thumbcolor="0" passable="true" />
        <tile frame="1" transit="0" thumbcolor="0" passable="true" />
        <tile frame="2" transit="0" thumbcolor="0" passable="true" />
        <tile frame="3" transit="0" thumbcolor="0" passable="true" />
        <tile frame="4" transit="0" thumbcolor="0" passable="true" />
        <tile frame="5" transit="0" thumbcolor="0" passable="true" />
    </landform>
    <landform>
        <imagedata>UElQAQAAAChQTFRF/+vv8f+xsKb/8/X2/8HGsf+us6X/oaWP/6qylf+coYz/oKSP/9XS0P/l5eX/
r7Og/6qunf+1uKr/2uLm/7zCrP/h3tn/gYxq/8jT0//W2N7/tb6k/6Wpl/+5urn/oKaQ/8nNvf/i
39v/l6GH/4mcbv+MlH3/0NDQ/4WHff/ExMT/+fn5//Pz8/////8A//////Pz8v/CxrL/xcXF/4WH
fAcAAABqREFUQQAAABAAEAAfiwgAAAAAAAAATU9ZFgAhCDoJH3D/Q46ANZmvBVCJACfkVIIJqdm3
D2Q3AvKIqsp6b38/LnNaRvTU36e7RifokqlgexXDa7C+ymDNkP5RzGJHDokisYNIBvPEDyM9ynMA
AQAAAAAAdERBVEEAAQAQABAAH4sIAAAAAAAAAF2O4QqAIAyEiQgRgv5n7rjt/d+xzSi1Kej3nRya
2XnkBRugStIuSbIu8HsItT2jQMShDZJI0ZdCCDqROmZRMA1/PObsXH2zThmbjYyj8yMex885t5ND
YefP8Fk3OArHggABAAAAAAB4REFUQQACABAAEAAfiwgAAAAAAAAAdU27CsAwCCRLLTgEoWs51P//
x1q1bhXCPcO5/xwzEQ13ckYY7HuH5AUhIQLtLbyWQAyGU64V5ISaxlkgilmB6oHS+az9zMuabobz
z7rdWKUpTNa23jWmX0tH51CPveIB/51HiwABAAAAAACYREFUQQADABAAEAAfiwgAAAAAAAAANY8x
DgUhCERDQCKJJttYbPExwv3v+FFZusfATMY9ZlR4UfVna230Nhig6DRLdnyEYrHssHMgwTK+OiEW
UJ3xcHWvgEXN+HBvo9YwnPPzBxKh/ZH3gq8gaepdIm6jpR8+eOySOyMXVf3YuQad+Ku7ailRZqUe
/WSnJfcGMURxvv7ByXxBAAEAAAAAAKtEQVRBAAQAEAAQAB+LCAAAAAAAAAAtjzsOxCAMBWXJIAoi
KIggWz5jc/8brhNANOPxd8aJyY+mKN9DhBkHIm0fRwNWoFr12h62iLUeLRGYK6HJ1g2eEKgLO4xR
+u/FQtkpS6E0DaZvM761WzL/XW+Wy4OuZqIieYhkLwqGXy/Dydv1F4E99vJBaU3gbN28mml5wtZa
K4Xlq8SjiQKb+XFn66QP++Fx/gEnBhQIAAEAAAAAAHpEQVRBAAUAEAAQAB+LCAAAAAAAAACtzcEK
hDAMBFBC29CDUg9KXQ8dMvn/f1wXUvEDNrdHZhL3v87+xnm2/tLiTerDfKSOisk1bQmETS/SpIDX
THv/kYy076zDSI23dzvLQOzvY5uUQUJjLVIyQI2+1vTJRlP7AmZP37AAAQAAAAAAikRBVEEABgAQ
ABAAH4sIAAAAAAAAAE2PMQ7FMAhDLUaGDETqbHH/Q34bWukTROrk4RRmUtHOnuBE96YK4J051SdJ
ftBSs/6/GCphNrA3QIThKAPEczBIeOet0ZLEqbpWblZfDG6LkFfn/KDc5HyPEOYclC3cT3qihJB8
R2Bb7jB6E2rUrVLqB939MWYAAQAAAAAAZAABAGQAAgBkAAMAZAAEAGQABQBkAAAAMg==
</imagedata>
        <tile frame="0" transit="0" thumbcolor="0" passable="true" />
        <tile frame="1" transit="0" thumbcolor="0" passable="true" />
        <tile frame="2" transit="0" thumbcolor="0" passable="true" />
        <tile frame="3" transit="0" thumbcolor="0" passable="true" />
        <tile frame="4" transit="0" thumbcolor="0" passable="true" />
        <tile frame="5" transit="0" thumbcolor="0" passable="true" />
        <tile frame="6" transit="0" thumbcolor="0" passable="true" />
    </landform>
    <tileimage>
        <imagedata>UElQAAA=
</imagedata>
    </tileimage>
    <animates>
        <image filename="1.pip">UElQAQAAADxQTFRFAAAAAP+pnGH/+tim/+22j//z4ln/8ro0//aNdf/1h0j/4mRI/5FtN/9ARCz/
9vLl/9GvJP/WjC3/Z19I/00qE/9oSx7/sUcy/7ePpP8yaSv/0zMy/5MhKP9NiDL/Fk8Z/yzJAf8k
pCb/P3M2/x6HLP8Tbyb/UOkA/xwfDP84UQb/mbEK/6PRAv9SpTD/dogd/7mLE//2tC//msxR/yXU
VP+AqQb/i4s0/2a8Sv9oBIX/+2/a/8Et1v//l93/4GXb/+RF1/+YELz/8wWK/5/Nlv/lLJL/YaNu
/388kP/iic//76fX/zu1Sv/H47r/q1G3CwAABMVEQVRBAAAASAA8AB+LCAAAAAAAAACtlo12qzgM
hDEGbBnwTxba93/TnZEhkCyk956ucpo0YD5GI8mkaT6F2f9pPy77MfbL7S85+/Xtrzlm45gfVv7E
abeP7rccyw/7ew4z4sevOYjO9n2vB4a/uPh0a3K6Dsk5793gxOwcY3/EBGclbKuVMo4jSMNgre3t
zv8Zg+Wtres7ZGQVgyPWdoCqoOr+55BpcgAJ74oY1CKrQVXOKmb+DIkpBTMKL7bGdrjM+2FjKM+5
CtU7yh0mi8yCxFy9/zB42vukUM52ynmcvFVjcIFYi7IoBmJuOLxBuce0cHQykzVuYLh3jHJQuBYn
br1JWdebcTSucgbPzyemcnikuxfTRDHxgcXweeRq2jMo5nCZhukxd2txE1Fs/IFjxv1yW7sPyWzF
VwgSdreYRrDWwKIQYPOgld85ENFt34ahbSHqnvOPf+ScU0gpz7p83DLR4rjeHhxw/X0flhSzYfbq
Madh3DJxW9VqQw3KuRbENk5onLEt1cihrZhafnf4DgTz9Jf7B9t4yiphLFzkdTi3gg3D3gaKqdFf
qWEbtyJ1sBVkDzVH7IxlWQ49pl+7bqoY9dSErUm4FGm9Uw7Muq6Lrw3UrYAu2E+ebYzmkSdnOGd1
YIYN03bLQo4hkPrA2duYgupc0EpieNGZg5ayxHQppY6cSSnkzFO3tzEGNBurTUc9xJTyQuIirxRE
K1Sz+9Vgu9naGLZKliiip1TNcgZ57fClTVuUZseQg3hAg8mznQSMedbj9XwpZW8n9h/TSs9w6o1z
T05kNnOOGRAN2y5leeNUr3x3cLzKcb7snEYA6oWY3mnrooeWDeQ3QNV/wiRZSSh4X9a9lcTMxIDh
QxHs5GPZwh+BPjlh0qocitrkEGSYVe9ziiGZqb0Asd3W9J5WWdmHp73RiOslpRix+5DTjusLiJiS
MneWN05Zl+YU4uYcUpSYZBrad0WLysn5AHmmRc76ymnmmbtYjBHbWB00HX80ds/fCb0rG0dJsj45
rxiAMpIiB1Oqc9Zuu3vf41eLg6X5AJHDAObtyRHxmAVJci6egMHhJ48q032sPeSA42HPWjFLeMHg
eIOpoNOpPKAFO3LX9a4inZH1Pxz1Zkmvclg/IzEH/AlGxc3kwBZNLfDWJ04MO2d9xWBgHZ604GRk
BpCfRYwxPbu71QxOHGM2zrvHrDubWehzBOsxeLRB2ptI67tTMNZGsPIK04j2axGmloLIo8z5kgNK
zJjqeP1kVpnJs/DQAZAvAK7riUMUJigSg3WXmCZ4jo+fQ68geFQkpCdol6MU0FCSa04sJZODUuRA
RQRdcJRi0WbXmCavnGbsYgGR8XyFJK/bw47CgaQQE8C7wcAgXBS5q3I6shDns3KKTulCMv2pdn81
X7cozBg5GroV5SpHLS6Uo1UABe7cg3j8Gy91B8XfOOXov8w+zezU/K2gKxSPftcXjU76VvuGT5K+
r5O+cUS+P4FOsCbEoBx9pE2Y/ik9B4zo29ReMd9NncYgXnLAPolNqGfJcAcV9Mmhr1dVwKB8ITZp
14jE+A/653PFXkHrqm5tkK8mq5Bcv/wUJ1VhfSap31ExYOQPINdJHq8IzP1v8P8h/gVzt9M74BAA
AAAABN1EQVRBAAEATABAAB+LCAAAAAAAAACtl9tS4zAMhrMz2wsYlyQ32LLl2HGy9P3fcCVZTsPS
0gCrAkNOX34d7XbdIXMA4I/d+sgAQgho/wvLOWE1WPwhCwllJ2X9BBagshQW4k9oiQImrIlpiF+H
0RMx13+t3bE6dDG6r5BmRs3bM72w+IMIX/Myx826Jo110R9EyoU7zioQqyz62U4qy6KDjZUes5xT
UfPeGXaSWQBYWXx0gEW0ygu70zVm4DCAq0dUKuEuZWMBiDiHVFrNk4nN0ikXBCO/j6Qxilhunik4
gKgVP1lhkZecgvr7SBhhIDDLWYaytGkTZsECkKKqiVl4m5IVVQ0I5XhKYJVmxUlpKQoZgLbDHS+l
QkGCxdpQkMKqZc+GgQ3ZgsI+Z0kOLWfzylIYVJgAZRbtYFmyxvcLy0VJIVNilEsSMcEJKqooOoEB
JZphJ8WJ72SusaTC6KDUFwWFkTl3/Z9ggbOpQ1eqW1nUtshlTU4KycZSWU0FO0yJa/GSuSYRw4aK
86woeR/DhAURCiUt1ADQFfabykGSyJHiR2ptiLDYdIXQdFs+IBbdm7AUfqNe4PjRW6iPsL6aBV6T
KKrmqMGv8dWSqNDQ4upKYBZGvsDqAxca+Q9XFMOEFdQTYdGx3M4+6r0vnBiag8yqYSVWcIAba57n
jaV+UlDpLkXxE3pziTIFqR/ZsRo0+uPCTlctig1lKebBNhSneCtEmc6Oq4CPkVuDIgv/sGQ9rRHm
ypYGgVCrQ2e+ySCrhrNp0sHBsO060WQQcyCQyzpwuWuDYNCiVZaR1ezdVHBSgDfbsYoEq+3WGmCu
rOXG+pNLubMmUTdzuVsNehs+cvP6m1V9WCxKmTN8JBFrwplk2VoLGi1XX0wuxug/Ljzlpiqq74CR
+45HZ4A6cZyuRSb7uBxYwzYU8DgOlICgrLmxjMklDcdZtfglh9PL4rEtk5yo08nk4TiLK6oN4OFp
TSl5t2etPh1lgTYF/UzTOq7jUy9aeVQs5s8fsx5GdW2Iczcbs67jMAx6aTEjnRkPs9w/rJGssVaz
0pkl/ToqC5qLxFpE2NOoO3HD7GFgn7tX+lzt9QZJYLXchUVKyFrejDkZM/a9gI7AoM0rGlielayD
RL+TJBKLde1RH8E7VjNWwo/3T32vLNZFKtvDr+8+twPGDQiTeLWa8zgqi30kh9/p+hQmc4GbmYfm
eubgj1oVy7KQx5uuj58bsLq76YTFsW8s80assU8t2I9hdb60KcpNcx7JrfKWf+c89H3vu1YSD3V1
26yqrBP51SOUN5ONeRn6Z990PYyXwLYvB2dysh9fhpSNl6rD1D9311J9pKuDbRnwy4l66DwMVlkY
hLV/8JEytQJP0jdUU7mQKE/jZuinbg97qKyScgYwdVb0gqJZ1ks73g79fVQIJePGYgcX74c0bGq6
d5DPYIWDU4ASeSYne+8L6cx93Rzd0vMZjIe0p/w11gIX2Rza++G+66T3iIm/A4wjSSrhcnEXpoXu
cO52XpYiWycfcp4z7bMvlwsI6wuQZrwE0SbM0tYsl6yTiPbsX1K0Ge+SwWa2gqis74BUWkoUrVwW
bIvmN1HVuBj8wKHD+mXtJzDPRTo9J9kUf9fFxkq07Uk2LSmhf/0RSs0mT/VmXz8l/QXptIKyABMA
AAAAAu5EQVRBAAIALwA0AB+LCAAAAAAAAACFlN2OozAMhbkYpEVilYyiNb3Kj5wLz+77v98e2ynQ
acu4BQL9cnLsuEzTVUhr9RLYo4FsFiK8XLPdUBy12lf4il7W6sp1rCAi7+nBNhNvojiT0E+0DtRM
bUJMFN/kWNuHm9gdqTill9ptB13dvTTmV/57e8jRClShjhX4uTxL1+TEDTWvY6VGSSrRc7I8SnE2
JFRFvRcqr6riO1TvFW+VsAAnKuVJfpjeM7WRCBwliH+vjZxh3XyBlypIU+AlfTdTP0776S1j2igi
8CfvJOyLu7yWSKDM5PwJX/rUe2epA68WhhtdkeqOr3Ofe/89M9eBwrIuIaoOmLWSg1/nVb/919qt
6FXcDy5sIyatY2HD+6oxr31ZuzehaJg0aabaXypu+NK70eD72uETnE9hILgqSykVM+P0OoNel3Xm
QtYJokhJjE1NiZCu7moZVrryhncq7D2LjU/oRMGZfDLwpUNeY7Yv/BcyaeZUUB5N0YPMi5oxHO67
3i2645iDrtLyuQs/zLra0RPM6F1kLmVL2oRYgVw+2QSIK7p4wBdOkWmsXb5d3Us3DzEuq07pA7Dz
dvBp4KoL12rJJoecFSI+skxpdMAS3QU2FPp6E0MO7vXkBJG1Ab5CdLwvMWKMKa5+j+0BX0IIlmr0
wG3ETzkD27aDv7euagLBYfI6Lnnbss7YxjJ+a3gwswoOeUzIkA9KlKKXDRM1bAl9EEa4fsbLM+Yh
+BUBJ23o2830IXTQGln5kEduUCdr59t4zey8p2HL7Thu+K9Y8++vmZOfcDzA9RO4du/otWf+/sCG
n59YBJ1/u+H/kR5fS3lnXSD8m5DHlIv+8/zPN70I8o/pW3bFCnlJJ7OTbJyL0dtrNo3PwZu3N/Sd
3yz5NJ6982Gkfv4YPqVLetfW2mbd4fwDT6ZuPWN99o4+Z7qZcLjQfuBBm3ROF/TB/4Fumtz5ddiM
kL0m4Qd48G88/wdVlnL1jAkAAAAAAxZEQVRBAAMAKAA0AB+LCAAAAAAAAACFlItuozAQRQ2YVR1Q
oKAl0gZBRJGVGBsMyf7/r+3MGBJCmu5Nm/I43HlSxrbytRHey9UXqteDtea/YN9rbY2xozHmJzeU
tX2EtvsfOH/GenAd32HB7IZC7l1kxxHWD3Yct4YQbOyQ02Azcxq47KXIvkOOaShWa8K+yS+A210n
4Cizw4rb2kEsPXYJPpFZOEYKu72NqnUQRJxDZ41Ikg5QsDXb7ILe55FGxSCRVADCE+N2dIH2Obeh
MTzkEd+laQUNGTt0s06Z5ziIaTkowslevtKqc9VDqnoYIAWzJzKLPAlWHOrxvAs3aVVVe2NxflgQ
5upaFIk9YMCdThE3ewGgWdqNhduJuGskxATFSBtzoa34SnfA6QWkstzcPDGBuOT8pI2FyInB5Jws
Lq4rGZxJaRueTucvk6adsYPrNlXsLwNx4OfUhlLG1hTd3BOLBdu55XB6c4bTb+HHPLan0UH0Y01A
WIzcAk6TVyWXeMkPaTM67mP2s3P4JK1jM7gisIYRFxtexI+b1TNGfJemwA13jvyAiz8pHmEg8Pti
WaYfcTPCNG+Ju+GlGziKtq1gFZ3fXK0Ge4+HHhm6goWASF1XVbDdsN4BFQEcPMF562JPQrQCSrUI
+qvtG4YIuF8BrEHoB9drfBHI4VtUrf8fuMHoIQ5DHsdte0kzuyz++n0LqOdYF1p04pzAGSYP83pe
e3xY06/Bl73OHGdtsHk/AiqLOMgoHYf16J8tB7cW446xfJeRXcD4G9KOf1TBZFEFWZbVEq+X8HmS
pu1RSrFrnjPmKVWyx+cpS0zoDC7lkTGlzuwNSDqDDWs84MryWxCun8+NkrKpWVFLBYkeXkAJalDA
AZA3yJVzGSs/uAuiL6VymbsTdDzcXYlTaxUFclLO2ILO5IM9Nu6vVGtwHZnUHAsC5aGc0XWGdyzP
86J0hwc1B380ZuaaArA6PxzmuMdnN2og3ChR9aGs65rIZuP2EHI1fZFh+eq32Nb537KE6aBh8c6v
vEsV9bZ3ryJyM4t/kPzXpSAIAAAAAAIrREFUQQAEACEAMAAfiwgAAAAAAAAAdZTbeuogEIVRzAcY
SYY0qXd9gQkJ9CK+/5vtNehurZK56EDWPyfAKvVs3nijG7VrjSeY3yW8PpMl6o2t687rksGa4Krx
5L0xVgxMRfdkAXjogci85XDGU2+999Y3ridjX4joDL73Z0mvfS9lnokYMyPSUg8jbQJ0usT4o+eY
AKADg/pB2gwTpXWO/+PTmiSFb8xjjBAmzmmeB9EZizVxIaTJolNKKce55BhmeJYPztn7lIHyOs8p
IhTzFT1KlsxgHLmUoqTF9zg41aU55bJNHFfUkvWK9EuJ7FSXY5YqsluXZea04G/iGW5JLE3ysJSN
RC3LXUFWcVEAFLkDXNwdgJbaOeb7QeQkdXP+A2DwmB/H7TiD4aFtIeTYik/f3PHTbXx9MWP2ZVmR
aMaZ5K/u9cJBcIzM4vlceVHyTujck+9wWrU3V27BenIHrYfDDuD95eAOgx6qGcQuDcK1dm8dSg/Q
m9OpO+ijrvagfNMA6DvdtrrWAwAfpkCHY9sehzoQpmlqoLdtFbAeT5GKvgNYGsepALraZLAT0QOo
6WoKYRzHkz4e60OobrL4VWDWpnZVYmeL/z+X5nKpdlCK2NHgQPdkpfpp7HEU+4CCSrV7+u2Tpn5f
/VSfzgUrvq6qDxW27fZR1q+MqFd13Ta+wb8zsoOuGBmuZfWXuKuIDG67VfTfDNu2uZr+wwDYdvQH
w9y9qP8AiVM7uzAGAAAAAAE4REFUQQAFAB0AGgAfiwgAAAAAAAAAjZHRTsMwDEWj1ia2sFG3svK4
afilX0D//8u4TsdoxSbhREqUozgndin/CHN+Dtlz2GMozPXwBFoFrPUhpE5EgsiIqGDu7uGs996Z
3AV73soZE3U9s12kVg9l2+Z3Y2ZVtfdaRcNiS8PdTAcNSLl96g4WFSdkDXVokdoOFjVoRBgH7Hz/
KEqUlsEUeJzN/X6OBwsnBSdYs7tfrzfV6o6TdpdyYy4xNVpr33Uvp8o/YUgqOk3TtbjIcvx6fZH8
q91ZwqnoQZZlOcopv4p5YzoCMssBAw0hVALTbwywtC+79APW3xjOgKU0fc222DwMw8rezoDjCtew
ecxcE1w+ErZuQZGgcZl1hduyoZ4Z0ST+wGxfxNzYuEOtIRnzmA7jnnwD6qIG2/ICAAAAAALmREFU
QQAGADAALAAfiwgAAAAAAAAAlZTbjqs6DIYbmrmgitBISIlyUDsKI6TkFuWivP+Drd8OUOhhrb2N
CpR8duw/iU+nJxvH8fnT3yznfLfxf/HW+8OnRpJ95C34nYP6Wqz5xPs9L1f8S6kP6ewdvh6mUvon
v8fVT0n5Ex/Kwku58Sm98HmLH2qtcuWV+k1peM7oyAu1D/+bhmEoLziWix1QgVL79JnXB/y+48N/
4A/x/SlVB7oD/x2e+IrnFQ9eM6/Y0g/hQ/8RJ1M1NElZyqC1dm/4JXoI3ubVIWFA62/dlzfhA7F0
szbVZNRPToP+vu3w030RxwcDYwdMUx0gjda3A36ydg3PeJ3FU82Mf99u5iDmg3eQpkwpsBmdsQ+6
vjfHpa08tI9ZnlMrpGoN86HkqPu+d6dX/o4ipDwL8GfR9aGKNIm2u1zaTRjvLW+Gex6FnuamEa0Q
YDqaAFEmIcB3W2AEwWO+j1KKpOe5kaJNohBvKElMiAm6LfzCy7lRGCjTPEvRtaU4Z7ioMxJ88Das
PMK3CNRP0yS6zhXdaUsOpRTtVj7bJb6UPK/ur1cNAA4w76OtKl/cVi2tC/hGUjrucrkah5Cu5Byx
YMx7WsKaTuUteAgjSApjsDiFVi/SYM4jXgxcC8te92MRTTNPKA18b656HJfNaiK9Wd4cnvJfHZB+
IdkvBsLkkRyijdaG3S6v/RIuuGiFYM6Ad0hijNhHlJMxVEWk7MrSoTIuqxmHJs5roAEgvDIeYPmt
TpC3oxKj5fRYEJgdmfcRHxxyMGFpUZsLfixJxikIlUc6UIh0RdH7+I8DjLF6gsHDEY/MQagp2QeY
OQZuxrJLgJbRMN9jOshVBbVVoupAhjGSDGSkvGzuqZoekvCK0Zj3a9/BHMg4B6oBWdFZ5tygctkO
zKNHATWYyyMqH8iwfD4e3+Jr0/G1M/B2CfXvK1ytdrXaOY+m39CbS1meK/su9Kuj/YT9AdX+ah5A
CAAAAAABRERBVEEABwAYAB8AH4sIAAAAAAAAAIWR22rDMAyGk9oZuPWaxIVc7GIJTSmLg7GhWWXQ
+7/XJGft0qYwgY35dPglK8v+Nf+SxujxlSdGQIyIa46RznWBIHF85gjsAMawqENvAKf4Br8oH6UM
QZ+qEj1i/sc3MkhZOFdtxzEvhPfkZhUhJGV0uas+K+MhcrWkbsQuFJ1TypUIs3iSeYu7XX4KnevL
qydxRJ8GDwHENNU6dNQU229XIUxsZl8p9Pdmxfs082ksB55h5gCaGbtq1SuKn4uDNzJFY63wOo6U
YdIyaIxCF5vLwD+B4/a2JM9aRu0H/obF/xji5FSd8k8LA2MMDvqDbrNao9X9IL6Pa25tc7aP7GyT
Ndb2T6E3bu06/Ji4XZc5pJzHQsfm0LYtPQ6PCl990zYpYsm1zrI+9XLHP452QT3oAgAAAAAAtURB
VEEACAAQAB0AH4sIAAAAAAAAAHXQOw7DIAwGYP7YDIgmSyWGHAAprMgL9z9YeaUEqrLAZ2NsodTf
lVJcuFomR5El/eMaae9+nVKS2fVdjr3epryzD0GGpaBs3U76KrZRnFKT42xQdRvMWhDJmJWIeXtd
Y3DOBq6R1rgMECqRs7Qb0jCumJs3Zhy39W7Y+1Bb9Pz7dK2llMDGynnfJhDk/nh+LPL98xlwxzH9
fKm6Dx9xkNzu0AEAAAAAAJ5EQVRBAAkAEAAaAB+LCAAAAAAAAAB1jkEOQjEIRPuVSUoCXfQKsvk3
MOH+9xI0NuVHZ9XHzEBb+y9cEHLhMoBCbHeJCLyFg8nWKogsFtV01YxblFSVcgBTpswFQyMgvUkU
SSXD9D7fO/JN6Pz5DQu0G8D8PW49PFmYJT4fG4YOnpW98ul+yY/CY/Cxs3tdMGdln/NZ9s37rf3Q
C1aFaDSgAQAAAAACW0RBVEEACgAfAC4AH4sIAAAAAAAAAG1UwY5jIQxjp6d5hx6KRASJFoljriMO
/P+PrR1e2zc7Q6W2PINjJ25Tui5T9SXp92W21rI13H8DcVHd1c1s/ER9La/EVJf9X8CWAuDLcY7f
v8Fqy5eTvLrj1PoGmwKj7Op1VeUxe6OC51VNjPUpzUFR345Mx1p1iWwKxRmZr8IQs1jdANM8pclT
vYyltUZPlNZkDgO769NUAX2lHGoSafhS1wlXinFWNpISgjCRk12G7FbogCv3ypsmPW+ch1XoFc2E
MbDbAItqZuUsxjUKfKPunNhLwLJnDEUwBu3Kx8IWrqHWGqyjDdxXmEdnUKii75BCbYU9YUZAVTkT
5VxRikRZcgo2OjKKhyqdExspkNFyGkaLIWZQIzZNwIyjWjQhGxSJy8wCA8X5DHohOQfNBkJsTIvz
0pALiu4RIUAUFiNx6sgordFW8vqmJS/OcAEGdx4a2WTXWE805HNlo2/o2PswyFLc9C46sqSAafds
9HaWMS0dpaM0H0IscU6BtK3kIOyRQ7XtnG+7LD/zzkNgIc6eMIg62FvEAQaYgCcW6hhUyX8JM1en
uZgN2y2ad2lkbVcP1FrmINkSyf3M+Rkn6mkkPYTOen/9xk5JIZuXW+u5lxe8J00EIdiNSZe/EMw9
WZJwi3HxB8ZHL7QCVRY5Ug5E3zjRivd2HAfy1U6sXnGg6X4c+cjn/Qu6Av28Yx33+4v/XCNNvL5u
jwdg4g13L8oDTR+3j8cn4YJtTemKg/vxuM2J68d9ph/rq8z5pxT0K7/Qf48r/c2SBQAA
</image>
        <cts>AQAFMS5waXAACwADTlBDAQADucQAA05QQwEAI7XAAANOUEMBAEPTzAADTlBDAQBj2cwAA05QQwEA
g+HQAANOUEMBAKPl5gADTlBDAQDD0dQAA05QQwEA4+nhAANOUEMBAQPx4wADTlBDAQEj8eYAA05Q
QwEBQ+PSCwADTlBDAQAAAAEAA05QQwEBAAABAANOUEMBAgAAAQADTlBDAQMAAAEAA05QQwEEAAAB
AANOUEMBBQAAAQADTlBDAQYAAAEAA05QQwEHAAABAANOUEMBCAAAAQADTlBDAQkAAAEAA05QQwEK
AAAB
</cts>
    </animates>
    <npcinfo />
</mapfile>
